mode: set
github.com/mustafamadjid/web-app-cbt/internal/core/service/user/create/create.go:61.85,63.2 1 1
github.com/mustafamadjid/web-app-cbt/internal/core/service/user/create/create.go:65.86,67.2 1 1
github.com/mustafamadjid/web-app-cbt/internal/core/service/user/create/create.go:69.113,71.30 1 1
github.com/mustafamadjid/web-app-cbt/internal/core/service/user/create/create.go:71.30,73.3 1 1
github.com/mustafamadjid/web-app-cbt/internal/core/service/user/create/create.go:76.2,89.18 12 1
github.com/mustafamadjid/web-app-cbt/internal/core/service/user/create/create.go:89.18,91.3 1 1
github.com/mustafamadjid/web-app-cbt/internal/core/service/user/create/create.go:93.2,94.18 2 1
github.com/mustafamadjid/web-app-cbt/internal/core/service/user/create/create.go:94.18,96.3 1 1
github.com/mustafamadjid/web-app-cbt/internal/core/service/user/create/create.go:99.2,100.18 2 1
github.com/mustafamadjid/web-app-cbt/internal/core/service/user/create/create.go:100.18,102.3 1 1
github.com/mustafamadjid/web-app-cbt/internal/core/service/user/create/create.go:105.2,106.16 2 1
github.com/mustafamadjid/web-app-cbt/internal/core/service/user/create/create.go:106.16,108.3 1 1
github.com/mustafamadjid/web-app-cbt/internal/core/service/user/create/create.go:110.2,110.15 1 1
github.com/mustafamadjid/web-app-cbt/internal/core/service/user/create/create.go:110.15,110.36 1 1
github.com/mustafamadjid/web-app-cbt/internal/core/service/user/create/create.go:112.2,113.18 2 1
github.com/mustafamadjid/web-app-cbt/internal/core/service/user/create/create.go:113.18,115.3 1 1
github.com/mustafamadjid/web-app-cbt/internal/core/service/user/create/create.go:116.2,116.19 1 1
github.com/mustafamadjid/web-app-cbt/internal/core/service/user/create/create.go:116.19,118.3 1 1
github.com/mustafamadjid/web-app-cbt/internal/core/service/user/create/create.go:120.2,121.18 2 1
github.com/mustafamadjid/web-app-cbt/internal/core/service/user/create/create.go:121.18,123.3 1 1
github.com/mustafamadjid/web-app-cbt/internal/core/service/user/create/create.go:124.2,124.14 1 1
github.com/mustafamadjid/web-app-cbt/internal/core/service/user/create/create.go:124.14,126.3 1 1
github.com/mustafamadjid/web-app-cbt/internal/core/service/user/create/create.go:128.2,141.18 3 1
github.com/mustafamadjid/web-app-cbt/internal/core/service/user/create/create.go:141.18,143.3 1 1
github.com/mustafamadjid/web-app-cbt/internal/core/service/user/create/create.go:145.2,153.18 3 1
github.com/mustafamadjid/web-app-cbt/internal/core/service/user/create/create.go:153.18,155.3 1 1
github.com/mustafamadjid/web-app-cbt/internal/core/service/user/create/create.go:157.2,157.40 1 1
github.com/mustafamadjid/web-app-cbt/internal/core/service/user/create/create.go:157.40,159.3 1 1
github.com/mustafamadjid/web-app-cbt/internal/core/service/user/create/create.go:161.2,164.8 1 1
github.com/mustafamadjid/web-app-cbt/internal/core/service/user/create/create.go:168.116,169.30 1 1
github.com/mustafamadjid/web-app-cbt/internal/core/service/user/create/create.go:169.30,171.3 1 1
github.com/mustafamadjid/web-app-cbt/internal/core/service/user/create/create.go:173.2,184.16 11 1
github.com/mustafamadjid/web-app-cbt/internal/core/service/user/create/create.go:184.16,186.3 1 1
github.com/mustafamadjid/web-app-cbt/internal/core/service/user/create/create.go:188.2,189.16 2 1
github.com/mustafamadjid/web-app-cbt/internal/core/service/user/create/create.go:189.16,191.3 1 1
github.com/mustafamadjid/web-app-cbt/internal/core/service/user/create/create.go:193.2,193.53 1 1
github.com/mustafamadjid/web-app-cbt/internal/core/service/user/create/create.go:193.53,195.3 1 1
github.com/mustafamadjid/web-app-cbt/internal/core/service/user/create/create.go:197.2,197.57 1 1
github.com/mustafamadjid/web-app-cbt/internal/core/service/user/create/create.go:197.57,199.3 1 1
github.com/mustafamadjid/web-app-cbt/internal/core/service/user/create/create.go:201.2,202.16 2 1
github.com/mustafamadjid/web-app-cbt/internal/core/service/user/create/create.go:202.16,204.3 1 1
github.com/mustafamadjid/web-app-cbt/internal/core/service/user/create/create.go:206.2,207.16 2 1
github.com/mustafamadjid/web-app-cbt/internal/core/service/user/create/create.go:207.16,209.3 1 1
github.com/mustafamadjid/web-app-cbt/internal/core/service/user/create/create.go:211.2,211.15 1 1
github.com/mustafamadjid/web-app-cbt/internal/core/service/user/create/create.go:211.15,211.36 1 1
github.com/mustafamadjid/web-app-cbt/internal/core/service/user/create/create.go:213.2,214.16 2 1
github.com/mustafamadjid/web-app-cbt/internal/core/service/user/create/create.go:214.16,216.3 1 1
github.com/mustafamadjid/web-app-cbt/internal/core/service/user/create/create.go:217.2,217.19 1 1
github.com/mustafamadjid/web-app-cbt/internal/core/service/user/create/create.go:217.19,219.3 1 1
github.com/mustafamadjid/web-app-cbt/internal/core/service/user/create/create.go:221.2,222.16 2 1
github.com/mustafamadjid/web-app-cbt/internal/core/service/user/create/create.go:222.16,224.3 1 1
github.com/mustafamadjid/web-app-cbt/internal/core/service/user/create/create.go:225.2,225.15 1 1
github.com/mustafamadjid/web-app-cbt/internal/core/service/user/create/create.go:225.15,227.3 1 1
github.com/mustafamadjid/web-app-cbt/internal/core/service/user/create/create.go:229.2,242.16 3 1
github.com/mustafamadjid/web-app-cbt/internal/core/service/user/create/create.go:242.16,244.3 1 1
github.com/mustafamadjid/web-app-cbt/internal/core/service/user/create/create.go:246.2,258.16 3 1
github.com/mustafamadjid/web-app-cbt/internal/core/service/user/create/create.go:258.16,260.3 1 1
github.com/mustafamadjid/web-app-cbt/internal/core/service/user/create/create.go:262.2,262.36 1 1
github.com/mustafamadjid/web-app-cbt/internal/core/service/user/create/create.go:262.36,264.3 1 1
github.com/mustafamadjid/web-app-cbt/internal/core/service/user/create/create.go:266.2,269.8 1 1
